// Jest Snapshot v1, https://goo.gl/fbAQLP

exports[`Header renders correctly 1`] = `
<div
  className="header"
>
  <div
    className="headerMain"
    data-testid="header"
  >
    <img
      alt="Logo"
      src="logo.png"
    />
    <h1
      data-testid="siteTitle"
    >
      Space Travelers' Hub
    </h1>
  </div>
  <ul
    className="nav"
  >
    <li>
      <a
        className="link"
        href="/"
        onClick={[Function]}
      >
        Rockets
      </a>
    </li>
    <li>
      <a
        className="link"
        href="/Missions"
        onClick={[Function]}
      >
        Missions
      </a>
    </li>
    <li>
      <a
        className="link"
        href="/MyProfile"
        onClick={[Function]}
      >
        My Profile
      </a>
    </li>
  </ul>
</div>
`;
